
> drox-website@0.0.1 build
> next build

   Γû▓ Next.js 15.5.9

   Creating an optimized production build ...
node.exe : (node:18348) Warning: To load an ES module, set "type": "module" in the package.json 
or use the .mjs extension.
At C:\Program Files\nodejs\npm.ps1:29 char:3
+   & $NODE_EXE $NPM_CLI_JS $args
+   ~~~~~~~~~~~~~~~~~~~~~~~~~~~~~
    + CategoryInfo          : NotSpecified: ((node:18348) Wa....mjs extension.:String) [], Remot 
   eException
    + FullyQualifiedErrorId : NativeCommandError
 
(Use `node --trace-warnings ...` to show where the warning was created)
